Archive member included to satisfy reference by file (symbol)

c:/program files (x86)/atollic/truestudio for stm32 9.3.0/armtools/bin/../lib/gcc/arm-atollic-eabi/6.3.1/../../../../arm-atollic-eabi/lib/armv7e-m/fpu\libc_nano.a(lib_a-errno.o)
                              Src\syscalls.o (__errno)
c:/program files (x86)/atollic/truestudio for stm32 9.3.0/armtools/bin/../lib/gcc/arm-atollic-eabi/6.3.1/../../../../arm-atollic-eabi/lib/armv7e-m/fpu\libc_nano.a(lib_a-impure.o)
                              c:/program files (x86)/atollic/truestudio for stm32 9.3.0/armtools/bin/../lib/gcc/arm-atollic-eabi/6.3.1/../../../../arm-atollic-eabi/lib/armv7e-m/fpu\libc_nano.a(lib_a-errno.o) (_impure_ptr)
c:/program files (x86)/atollic/truestudio for stm32 9.3.0/armtools/bin/../lib/gcc/arm-atollic-eabi/6.3.1/../../../../arm-atollic-eabi/lib/armv7e-m/fpu\libc_nano.a(lib_a-init.o)
                              startup\startup_stm32f411xe.o (__libc_init_array)
c:/program files (x86)/atollic/truestudio for stm32 9.3.0/armtools/bin/../lib/gcc/arm-atollic-eabi/6.3.1/../../../../arm-atollic-eabi/lib/armv7e-m/fpu\libc_nano.a(lib_a-memset.o)
                              Src\main.o (memset)
c:/program files (x86)/atollic/truestudio for stm32 9.3.0/armtools/bin/../lib/gcc/arm-atollic-eabi/6.3.1/../../../../arm-atollic-eabi/lib/armv7e-m/fpu\libc_nano.a(lib_a-sprintf.o)
                              Src\main.o (sprintf)
c:/program files (x86)/atollic/truestudio for stm32 9.3.0/armtools/bin/../lib/gcc/arm-atollic-eabi/6.3.1/../../../../arm-atollic-eabi/lib/armv7e-m/fpu\libc_nano.a(lib_a-strlen.o)
                              Src\main.o (strlen)
c:/program files (x86)/atollic/truestudio for stm32 9.3.0/armtools/bin/../lib/gcc/arm-atollic-eabi/6.3.1/../../../../arm-atollic-eabi/lib/armv7e-m/fpu\libc_nano.a(lib_a-nano-svfprintf.o)
                              c:/program files (x86)/atollic/truestudio for stm32 9.3.0/armtools/bin/../lib/gcc/arm-atollic-eabi/6.3.1/../../../../arm-atollic-eabi/lib/armv7e-m/fpu\libc_nano.a(lib_a-sprintf.o) (_svfprintf_r)
c:/program files (x86)/atollic/truestudio for stm32 9.3.0/armtools/bin/../lib/gcc/arm-atollic-eabi/6.3.1/../../../../arm-atollic-eabi/lib/armv7e-m/fpu\libc_nano.a(lib_a-nano-vfprintf_i.o)
                              c:/program files (x86)/atollic/truestudio for stm32 9.3.0/armtools/bin/../lib/gcc/arm-atollic-eabi/6.3.1/../../../../arm-atollic-eabi/lib/armv7e-m/fpu\libc_nano.a(lib_a-nano-svfprintf.o) (_printf_i)
c:/program files (x86)/atollic/truestudio for stm32 9.3.0/armtools/bin/../lib/gcc/arm-atollic-eabi/6.3.1/../../../../arm-atollic-eabi/lib/armv7e-m/fpu\libc_nano.a(lib_a-memchr.o)
                              c:/program files (x86)/atollic/truestudio for stm32 9.3.0/armtools/bin/../lib/gcc/arm-atollic-eabi/6.3.1/../../../../arm-atollic-eabi/lib/armv7e-m/fpu\libc_nano.a(lib_a-nano-svfprintf.o) (memchr)
c:/program files (x86)/atollic/truestudio for stm32 9.3.0/armtools/bin/../lib/gcc/arm-atollic-eabi/6.3.1/../../../../arm-atollic-eabi/lib/armv7e-m/fpu\libc_nano.a(lib_a-memcpy-stub.o)
                              c:/program files (x86)/atollic/truestudio for stm32 9.3.0/armtools/bin/../lib/gcc/arm-atollic-eabi/6.3.1/../../../../arm-atollic-eabi/lib/armv7e-m/fpu\libc_nano.a(lib_a-nano-svfprintf.o) (memcpy)
c:/program files (x86)/atollic/truestudio for stm32 9.3.0/armtools/bin/../lib/gcc/arm-atollic-eabi/6.3.1/../../../../arm-atollic-eabi/lib/armv7e-m/fpu\libc_nano.a(lib_a-memmove.o)
                              c:/program files (x86)/atollic/truestudio for stm32 9.3.0/armtools/bin/../lib/gcc/arm-atollic-eabi/6.3.1/../../../../arm-atollic-eabi/lib/armv7e-m/fpu\libc_nano.a(lib_a-nano-svfprintf.o) (memmove)
c:/program files (x86)/atollic/truestudio for stm32 9.3.0/armtools/bin/../lib/gcc/arm-atollic-eabi/6.3.1/../../../../arm-atollic-eabi/lib/armv7e-m/fpu\libc_nano.a(lib_a-nano-freer.o)
                              c:/program files (x86)/atollic/truestudio for stm32 9.3.0/armtools/bin/../lib/gcc/arm-atollic-eabi/6.3.1/../../../../arm-atollic-eabi/lib/armv7e-m/fpu\libc_nano.a(lib_a-nano-svfprintf.o) (_free_r)
c:/program files (x86)/atollic/truestudio for stm32 9.3.0/armtools/bin/../lib/gcc/arm-atollic-eabi/6.3.1/../../../../arm-atollic-eabi/lib/armv7e-m/fpu\libc_nano.a(lib_a-nano-mallocr.o)
                              c:/program files (x86)/atollic/truestudio for stm32 9.3.0/armtools/bin/../lib/gcc/arm-atollic-eabi/6.3.1/../../../../arm-atollic-eabi/lib/armv7e-m/fpu\libc_nano.a(lib_a-nano-svfprintf.o) (_malloc_r)
c:/program files (x86)/atollic/truestudio for stm32 9.3.0/armtools/bin/../lib/gcc/arm-atollic-eabi/6.3.1/../../../../arm-atollic-eabi/lib/armv7e-m/fpu\libc_nano.a(lib_a-nano-reallocr.o)
                              c:/program files (x86)/atollic/truestudio for stm32 9.3.0/armtools/bin/../lib/gcc/arm-atollic-eabi/6.3.1/../../../../arm-atollic-eabi/lib/armv7e-m/fpu\libc_nano.a(lib_a-nano-svfprintf.o) (_realloc_r)
[...]
Memory Configuration

Name             Origin             Length             Attributes
FLASH            0x08000000         0x00080000         xr
RAM              0x20000000         0x00020000         xrw
MEMORY_B1        0x60000000         0x00000000         xr
*default*        0x00000000         0xffffffff

Linker script and memory map

LOAD c:/program files (x86)/atollic/truestudio for stm32 9.3.0/armtools/bin/../lib/gcc/arm-atollic-eabi/6.3.1/armv7e-m/fpu/crti.o
LOAD c:/program files (x86)/atollic/truestudio for stm32 9.3.0/armtools/bin/../lib/gcc/arm-atollic-eabi/6.3.1/armv7e-m/fpu/crtbegin.o
LOAD Drivers\STM32F4xx_HAL_Driver\Src\stm32f4xx_hal.o
LOAD Drivers\STM32F4xx_HAL_Driver\Src\stm32f4xx_hal_cortex.o
LOAD Drivers\STM32F4xx_HAL_Driver\Src\stm32f4xx_hal_dma.o
LOAD Drivers\STM32F4xx_HAL_Driver\Src\stm32f4xx_hal_dma_ex.o
LOAD Drivers\STM32F4xx_HAL_Driver\Src\stm32f4xx_hal_exti.o
LOAD Drivers\STM32F4xx_HAL_Driver\Src\stm32f4xx_hal_flash.o
LOAD Drivers\STM32F4xx_HAL_Driver\Src\stm32f4xx_hal_flash_ex.o
LOAD Drivers\STM32F4xx_HAL_Driver\Src\stm32f4xx_hal_flash_ramfunc.o
LOAD Drivers\STM32F4xx_HAL_Driver\Src\stm32f4xx_hal_gpio.o
LOAD Drivers\STM32F4xx_HAL_Driver\Src\stm32f4xx_hal_pwr.o
LOAD Drivers\STM32F4xx_HAL_Driver\Src\stm32f4xx_hal_pwr_ex.o
LOAD Drivers\STM32F4xx_HAL_Driver\Src\stm32f4xx_hal_rcc.o
LOAD Drivers\STM32F4xx_HAL_Driver\Src\stm32f4xx_hal_rcc_ex.o
LOAD Drivers\STM32F4xx_HAL_Driver\Src\stm32f4xx_hal_rtc.o
LOAD Drivers\STM32F4xx_HAL_Driver\Src\stm32f4xx_hal_rtc_ex.o
LOAD Drivers\STM32F4xx_HAL_Driver\Src\stm32f4xx_hal_tim.o
LOAD Drivers\STM32F4xx_HAL_Driver\Src\stm32f4xx_hal_tim_ex.o
LOAD Drivers\STM32F4xx_HAL_Driver\Src\stm32f4xx_hal_uart.o
LOAD Src\main.o
LOAD Src\stm32f4xx_hal_msp.o
LOAD Src\stm32f4xx_it.o
LOAD Src\syscalls.o
LOAD Src\system_stm32f4xx.o
LOAD startup\startup_stm32f411xe.o
                0x00000080                malloc_getpagesize_P = 0x80
START GROUP
LOAD c:/program files (x86)/atollic/truestudio for stm32 9.3.0/armtools/bin/../lib/gcc/arm-atollic-eabi/6.3.1/../../../../arm-atollic-eabi/lib/armv7e-m/fpu\libc_nano.a
LOAD c:/program files (x86)/atollic/truestudio for stm32 9.3.0/armtools/bin/../lib/gcc/arm-atollic-eabi/6.3.1/../../../../arm-atollic-eabi/lib/armv7e-m/fpu\libm.a
END GROUP
START GROUP
LOAD c:/program files (x86)/atollic/truestudio for stm32 9.3.0/armtools/bin/../lib/gcc/arm-atollic-eabi/6.3.1/armv7e-m/fpu\libgcc.a
LOAD c:/program files (x86)/atollic/truestudio for stm32 9.3.0/armtools/bin/../lib/gcc/arm-atollic-eabi/6.3.1/../../../../arm-atollic-eabi/lib/armv7e-m/fpu\libc_nano.a
END GROUP
START GROUP
LOAD c:/program files (x86)/atollic/truestudio for stm32 9.3.0/armtools/bin/../lib/gcc/arm-atollic-eabi/6.3.1/armv7e-m/fpu\libgcc.a
LOAD c:/program files (x86)/atollic/truestudio for stm32 9.3.0/armtools/bin/../lib/gcc/arm-atollic-eabi/6.3.1/../../../../arm-atollic-eabi/lib/armv7e-m/fpu\libc_nano.a
LOAD c:/program files (x86)/atollic/truestudio for stm32 9.3.0/armtools/bin/../lib/gcc/arm-atollic-eabi/6.3.1/../../../../arm-atollic-eabi/lib/armv7e-m/fpu\libnosys.a
END GROUP
START GROUP
LOAD c:/program files (x86)/atollic/truestudio for stm32 9.3.0/armtools/bin/../lib/gcc/arm-atollic-eabi/6.3.1/armv7e-m/fpu\libgcc.a
LOAD c:/program files (x86)/atollic/truestudio for stm32 9.3.0/armtools/bin/../lib/gcc/arm-atollic-eabi/6.3.1/../../../../arm-atollic-eabi/lib/armv7e-m/fpu\libc_nano.a
LOAD c:/program files (x86)/atollic/truestudio for stm32 9.3.0/armtools/bin/../lib/gcc/arm-atollic-eabi/6.3.1/../../../../arm-atollic-eabi/lib/armv7e-m/fpu\libnosys.a
END GROUP
LOAD c:/program files (x86)/atollic/truestudio for stm32 9.3.0/armtools/bin/../lib/gcc/arm-atollic-eabi/6.3.1/armv7e-m/fpu/crtend.o
LOAD c:/program files (x86)/atollic/truestudio for stm32 9.3.0/armtools/bin/../lib/gcc/arm-atollic-eabi/6.3.1/armv7e-m/fpu/crtn.o
                0x20020000                _estack = 0x20020000
                0x00000000                _Min_Heap_Size = 0x0
                0x00000400                _Min_Stack_Size = 0x400

.isr_vector     0x08000000      0x198
                0x08000000                . = ALIGN (0x4)
 *(.isr_vector)
 .isr_vector    0x08000000      0x198 startup\startup_stm32f411xe.o
                0x08000000                g_pfnVectors
                0x08000198                . = ALIGN (0x4)

.text           0x080001a0     0x274c
                0x080001a0                . = ALIGN (0x4)
 *(.text)
 .text          0x080001a0       0x40 c:/program files (x86)/atollic/truestudio for stm32 9.3.0/armtools/bin/../lib/gcc/arm-atollic-eabi/6.3.1/armv7e-m/fpu/crtbegin.o
 .text          0x080001e0       0x10 c:/program files (x86)/atollic/truestudio for stm32 9.3.0/armtools/bin/../lib/gcc/arm-atollic-eabi/6.3.1/../../../../arm-atollic-eabi/lib/armv7e-m/fpu\libc_nano.a(lib_a-strlen.o)
                0x080001e0                strlen
 .text          0x080001f0       0xa0 c:/program files (x86)/atollic/truestudio for stm32 9.3.0/armtools/bin/../lib/gcc/arm-atollic-eabi/6.3.1/../../../../arm-atollic-eabi/lib/armv7e-m/fpu\libc_nano.a(lib_a-memchr.o)
                0x080001f0                memchr
 .text          0x08000290       0x30 c:/program files (x86)/atollic/truestudio for stm32 9.3.0/armtools/bin/../lib/gcc/arm-atollic-eabi/6.3.1/armv7e-m/fpu\libgcc.a(_aeabi_uldivmod.o)
                0x08000290                __aeabi_uldivmod
 .text          0x080002c0      0x2dc c:/program files (x86)/atollic/truestudio for stm32 9.3.0/armtools/bin/../lib/gcc/arm-atollic-eabi/6.3.1/armv7e-m/fpu\libgcc.a(_udivmoddi4.o)
                0x080002c0                __udivmoddi4
 .text          0x0800059c        0x4 c:/program files (x86)/atollic/truestudio for stm32 9.3.0/armtools/bin/../lib/gcc/arm-atollic-eabi/6.3.1/armv7e-m/fpu\libgcc.a(_dvmd_tls.o)
                0x0800059c                __aeabi_idiv0
                0x0800059c                __aeabi_ldiv0
 *(.text*)
 .text.HAL_InitTick
                0x080005a0       0x48 Drivers\STM32F4xx_HAL_Driver\Src\stm32f4xx_hal.o
                0x080005a0                HAL_InitTick
 .text.HAL_Init
                0x080005e8       0x34 Drivers\STM32F4xx_HAL_Driver\Src\stm32f4xx_hal.o
                0x080005e8                HAL_Init
 .text.HAL_IncTick
                0x0800061c       0x18 Drivers\STM32F4xx_HAL_Driver\Src\stm32f4xx_hal.o
                0x0800061c                HAL_IncTick
 .text.HAL_GetTick
                0x08000634        0xc Drivers\STM32F4xx_HAL_Driver\Src\stm32f4xx_hal.o
                0x08000634                HAL_GetTick
 .text.HAL_Delay
                0x08000640       0x28 Drivers\STM32F4xx_HAL_Driver\Src\stm32f4xx_hal.o
                0x08000640                HAL_Delay
 .text.HAL_NVIC_SetPriorityGrouping
                0x08000668       0x24 Drivers\STM32F4xx_HAL_Driver\Src\stm32f4xx_hal_cortex.o
                0x08000668                HAL_NVIC_SetPriorityGrouping
 .text.HAL_NVIC_SetPriority
                0x0800068c       0x64 Drivers\STM32F4xx_HAL_Driver\Src\stm32f4xx_hal_cortex.o
                0x0800068c                HAL_NVIC_SetPriority
 .text.HAL_SYSTICK_Config
                0x080006f0       0x2c Drivers\STM32F4xx_HAL_Driver\Src\stm32f4xx_hal_cortex.o
                0x080006f0                HAL_SYSTICK_Config
 .text.HAL_GPIO_Init
                0x0800071c      0x1b4 Drivers\STM32F4xx_HAL_Driver\Src\stm32f4xx_hal_gpio.o
                0x0800071c                HAL_GPIO_Init
 .text.HAL_GPIO_ReadPin
                0x080008d0        0xe Drivers\STM32F4xx_HAL_Driver\Src\stm32f4xx_hal_gpio.o
                0x080008d0                HAL_GPIO_ReadPin
 .text.HAL_GPIO_WritePin
                0x080008de        0xc Drivers\STM32F4xx_HAL_Driver\Src\stm32f4xx_hal_gpio.o
                0x080008de                HAL_GPIO_WritePin
 *fill*         0x080008ea        0x2 
 .text.HAL_RCC_OscConfig
                0x080008ec      0x3ec Drivers\STM32F4xx_HAL_Driver\Src\stm32f4xx_hal_rcc.o
                0x080008ec                HAL_RCC_OscConfig
 .text.HAL_RCC_GetSysClockFreq
                0x08000cd8       0xd4 Drivers\STM32F4xx_HAL_Driver\Src\stm32f4xx_hal_rcc.o
                0x08000cd8                HAL_RCC_GetSysClockFreq
 .text.HAL_RCC_ClockConfig
                0x08000dac      0x160 Drivers\STM32F4xx_HAL_Driver\Src\stm32f4xx_hal_rcc.o
                0x08000dac                HAL_RCC_ClockConfig
 .text.HAL_RCC_GetHCLKFreq
                0x08000f0c        0xc Drivers\STM32F4xx_HAL_Driver\Src\stm32f4xx_hal_rcc.o
                0x08000f0c                HAL_RCC_GetHCLKFreq
 .text.HAL_RCC_GetPCLK1Freq
                0x08000f18       0x20 Drivers\STM32F4xx_HAL_Driver\Src\stm32f4xx_hal_rcc.o
                0x08000f18                HAL_RCC_GetPCLK1Freq
 .text.HAL_RCC_GetPCLK2Freq
                0x08000f38       0x20 Drivers\STM32F4xx_HAL_Driver\Src\stm32f4xx_hal_rcc.o
                0x08000f38                HAL_RCC_GetPCLK2Freq
 .text.HAL_RCCEx_PeriphCLKConfig
                0x08000f58      0x170 Drivers\STM32F4xx_HAL_Driver\Src\stm32f4xx_hal_rcc_ex.o
                0x08000f58                HAL_RCCEx_PeriphCLKConfig
 .text.HAL_RTC_WaitForSynchro
                0x080010c8       0x32 Drivers\STM32F4xx_HAL_Driver\Src\stm32f4xx_hal_rtc.o
                0x080010c8                HAL_RTC_WaitForSynchro
 .text.RTC_EnterInitMode
                0x080010fa       0x3c Drivers\STM32F4xx_HAL_Driver\Src\stm32f4xx_hal_rtc.o
                0x080010fa                RTC_EnterInitMode
 .text.HAL_RTC_Init
                0x08001136       0xc4 Drivers\STM32F4xx_HAL_Driver\Src\stm32f4xx_hal_rtc.o
                0x08001136                HAL_RTC_Init
 .text.RTC_ByteToBcd2
                0x080011fa       0x16 Drivers\STM32F4xx_HAL_Driver\Src\stm32f4xx_hal_rtc.o
                0x080011fa                RTC_ByteToBcd2
 .text.HAL_RTC_SetTime
                0x08001210       0xfe Drivers\STM32F4xx_HAL_Driver\Src\stm32f4xx_hal_rtc.o
                0x08001210                HAL_RTC_SetTime
 .text.HAL_RTC_SetDate
                0x0800130e       0xda Drivers\STM32F4xx_HAL_Driver\Src\stm32f4xx_hal_rtc.o
                0x0800130e                HAL_RTC_SetDate
 .text.HAL_RTC_SetAlarm
                0x080013e8      0x160 Drivers\STM32F4xx_HAL_Driver\Src\stm32f4xx_hal_rtc.o
                0x080013e8                HAL_RTC_SetAlarm
 .text.UART_SetConfig
                0x08001548      0x1d4 Drivers\STM32F4xx_HAL_Driver\Src\stm32f4xx_hal_uart.o
 .text.UART_WaitOnFlagUntilTimeout
                0x0800171c       0x64 Drivers\STM32F4xx_HAL_Driver\Src\stm32f4xx_hal_uart.o
 .text.HAL_UART_Init
                0x08001780       0x5e Drivers\STM32F4xx_HAL_Driver\Src\stm32f4xx_hal_uart.o
                0x08001780                HAL_UART_Init
 .text.HAL_UART_Transmit
                0x080017de       0xe4 Drivers\STM32F4xx_HAL_Driver\Src\stm32f4xx_hal_uart.o
                0x080017de                HAL_UART_Transmit
 .text.HAL_UART_Receive
                0x080018c2       0xea Drivers\STM32F4xx_HAL_Driver\Src\stm32f4xx_hal_uart.o
                0x080018c2                HAL_UART_Receive
 .text.MX_GPIO_Init
                0x080019ac       0xac Src\main.o
 .text.MX_RTC_Init
                0x08001a58       0xa8 Src\main.o
 .text.MX_USART1_UART_Init
                0x08001b00       0x2c Src\main.o
 .text.MX_USART2_UART_Init
                0x08001b2c       0x2c Src\main.o
 .text.SystemClock_Config
                0x08001b58       0xac Src\main.o
                0x08001b58                SystemClock_Config
 .text.main     0x08001c04      0x24c Src\main.o
                0x08001c04                main
 .text.HAL_MspInit
                0x08001e50       0x40 Src\stm32f4xx_hal_msp.o
                0x08001e50                HAL_MspInit
 .text.HAL_RTC_MspInit
                0x08001e90       0x1c Src\stm32f4xx_hal_msp.o
                0x08001e90                HAL_RTC_MspInit
 .text.HAL_UART_MspInit
                0x08001eac       0xc4 Src\stm32f4xx_hal_msp.o
                0x08001eac                HAL_UART_MspInit
 .text.NMI_Handler
                0x08001f70        0x2 Src\stm32f4xx_it.o
                0x08001f70                NMI_Handler
 .text.HardFault_Handler
                0x08001f72        0x2 Src\stm32f4xx_it.o
                0x08001f72                HardFault_Handler
 .text.MemManage_Handler
                0x08001f74        0x2 Src\stm32f4xx_it.o
                0x08001f74                MemManage_Handler
 .text.BusFault_Handler
                0x08001f76        0x2 Src\stm32f4xx_it.o
                0x08001f76                BusFault_Handler
 .text.UsageFault_Handler
                0x08001f78        0x2 Src\stm32f4xx_it.o
                0x08001f78                UsageFault_Handler
 .text.SVC_Handler
                0x08001f7a        0x2 Src\stm32f4xx_it.o
                0x08001f7a                SVC_Handler
 .text.DebugMon_Handler
                0x08001f7c        0x2 Src\stm32f4xx_it.o
                0x08001f7c                DebugMon_Handler
 .text.PendSV_Handler
                0x08001f7e        0x2 Src\stm32f4xx_it.o
                0x08001f7e                PendSV_Handler
 .text.SysTick_Handler
                0x08001f80        0x8 Src\stm32f4xx_it.o
                0x08001f80                SysTick_Handler
 .text._sbrk    0x08001f88       0x3c Src\syscalls.o
                0x08001f88                _sbrk
 .text.SystemInit
                0x08001fc4       0x1c Src\system_stm32f4xx.o
                0x08001fc4                SystemInit
 .text.Reset_Handler
                0x08001fe0       0x50 startup\startup_stm32f411xe.o
                0x08001fe0                Reset_Handler
 .text.Default_Handler
                0x08002030        0x2 startup\startup_stm32f411xe.o
                0x08002030                RTC_Alarm_IRQHandler
                0x08002030                EXTI2_IRQHandler
                0x08002030                SPI4_IRQHandler
                0x08002030                TIM1_CC_IRQHandler
                0x08002030                DMA2_Stream5_IRQHandler
                0x08002030                DMA1_Stream5_IRQHandler
                0x08002030                PVD_IRQHandler
                0x08002030                SDIO_IRQHandler
                0x08002030                TAMP_STAMP_IRQHandler
                0x08002030                EXTI3_IRQHandler
                0x08002030                TIM1_UP_TIM10_IRQHandler
                0x08002030                I2C3_ER_IRQHandler
                0x08002030                EXTI0_IRQHandler
                0x08002030                I2C2_EV_IRQHandler
                0x08002030                DMA1_Stream2_IRQHandler
                0x08002030                FPU_IRQHandler
                0x08002030                DMA2_Stream2_IRQHandler
                0x08002030                SPI1_IRQHandler
                0x08002030                TIM1_BRK_TIM9_IRQHandler
                0x08002030                DMA2_Stream3_IRQHandler
                0x08002030                USART6_IRQHandler
                0x08002030                DMA2_Stream0_IRQHandler
                0x08002030                TIM4_IRQHandler
                0x08002030                I2C1_EV_IRQHandler
                0x08002030                DMA1_Stream6_IRQHandler
                0x08002030                DMA1_Stream1_IRQHandler
                0x08002030                TIM3_IRQHandler
                0x08002030                RCC_IRQHandler
                0x08002030                Default_Handler
                0x08002030                EXTI15_10_IRQHandler
                0x08002030                ADC_IRQHandler
                0x08002030                DMA1_Stream7_IRQHandler
                0x08002030                SPI5_IRQHandler
                0x08002030                TIM5_IRQHandler
                0x08002030                DMA2_Stream7_IRQHandler
                0x08002030                I2C3_EV_IRQHandler
                0x08002030                EXTI9_5_IRQHandler
                0x08002030                RTC_WKUP_IRQHandler
                0x08002030                SPI2_IRQHandler
                0x08002030                DMA1_Stream0_IRQHandler
                0x08002030                EXTI4_IRQHandler
                0x08002030                WWDG_IRQHandler
                0x08002030                TIM2_IRQHandler
                0x08002030                OTG_FS_WKUP_IRQHandler
                0x08002030                TIM1_TRG_COM_TIM11_IRQHandler
                0x08002030                EXTI1_IRQHandler
                0x08002030                USART2_IRQHandler
                0x08002030                I2C2_ER_IRQHandler
                0x08002030                DMA2_Stream1_IRQHandler
                0x08002030                FLASH_IRQHandler
                0x08002030                DMA2_Stream4_IRQHandler
                0x08002030                USART1_IRQHandler
                0x08002030                OTG_FS_IRQHandler
                0x08002030                SPI3_IRQHandler
                0x08002030                DMA1_Stream4_IRQHandler
                0x08002030                I2C1_ER_IRQHandler
                0x08002030                DMA2_Stream6_IRQHandler
                0x08002030                DMA1_Stream3_IRQHandler
 *fill*         0x08002032        0x2 
 .text.__errno  0x08002034        0xc c:/program files (x86)/atollic/truestudio for stm32 9.3.0/armtools/bin/../lib/gcc/arm-atollic-eabi/6.3.1/../../../../arm-atollic-eabi/lib/armv7e-m/fpu\libc_nano.a(lib_a-errno.o)
                0x08002034                __errno
 .text.__libc_init_array
                0x08002040       0x48 c:/program files (x86)/atollic/truestudio for stm32 9.3.0/armtools/bin/../lib/gcc/arm-atollic-eabi/6.3.1/../../../../arm-atollic-eabi/lib/armv7e-m/fpu\libc_nano.a(lib_a-init.o)
                0x08002040                __libc_init_array
 .text.memset   0x08002088       0x10 c:/program files (x86)/atollic/truestudio for stm32 9.3.0/armtools/bin/../lib/gcc/arm-atollic-eabi/6.3.1/../../../../arm-atollic-eabi/lib/armv7e-m/fpu\libc_nano.a(lib_a-memset.o)
                0x08002088                memset
 .text.sprintf  0x08002098       0x48 c:/program files (x86)/atollic/truestudio for stm32 9.3.0/armtools/bin/../lib/gcc/arm-atollic-eabi/6.3.1/../../../../arm-atollic-eabi/lib/armv7e-m/fpu\libc_nano.a(lib_a-sprintf.o)
                0x08002098                siprintf
                0x08002098                sprintf
 .text.__ssputs_r
                0x080020e0       0xb6 c:/program files (x86)/atollic/truestudio for stm32 9.3.0/armtools/bin/../lib/gcc/arm-atollic-eabi/6.3.1/../../../../arm-atollic-eabi/lib/armv7e-m/fpu\libc_nano.a(lib_a-nano-svfprintf.o)
                0x080020e0                __ssputs_r
 *fill*         0x08002196        0x2 
 .text._svfprintf_r
                0x08002198      0x1e8 c:/program files (x86)/atollic/truestudio for stm32 9.3.0/armtools/bin/../lib/gcc/arm-atollic-eabi/6.3.1/../../../../arm-atollic-eabi/lib/armv7e-m/fpu\libc_nano.a(lib_a-nano-svfprintf.o)
                0x08002198                _svfiprintf_r
                0x08002198                _svfprintf_r
 .text._printf_common
                0x08002380       0xec c:/program files (x86)/atollic/truestudio for stm32 9.3.0/armtools/bin/../lib/gcc/arm-atollic-eabi/6.3.1/../../../../arm-atollic-eabi/lib/armv7e-m/fpu\libc_nano.a(lib_a-nano-vfprintf_i.o)
                0x08002380                _printf_common
 .text._printf_i
                0x0800246c      0x240 c:/program files (x86)/atollic/truestudio for stm32 9.3.0/armtools/bin/../lib/gcc/arm-atollic-eabi/6.3.1/../../../../arm-atollic-eabi/lib/armv7e-m/fpu\libc_nano.a(lib_a-nano-vfprintf_i.o)
                0x0800246c                _printf_i
 .text.memcpy   0x080026ac       0x16 c:/program files (x86)/atollic/truestudio for stm32 9.3.0/armtools/bin/../lib/gcc/arm-atollic-eabi/6.3.1/../../../../arm-atollic-eabi/lib/armv7e-m/fpu\libc_nano.a(lib_a-memcpy-stub.o)
                0x080026ac                memcpy
 .text.memmove  0x080026c2       0x34 c:/program files (x86)/atollic/truestudio for stm32 9.3.0/armtools/bin/../lib/gcc/arm-atollic-eabi/6.3.1/../../../../arm-atollic-eabi/lib/armv7e-m/fpu\libc_nano.a(lib_a-memmove.o)
                0x080026c2                memmove
 *fill*         0x080026f6        0x2 
 .text._free_r  0x080026f8       0x9c c:/program files (x86)/atollic/truestudio for stm32 9.3.0/armtools/bin/../lib/gcc/arm-atollic-eabi/6.3.1/../../../../arm-atollic-eabi/lib/armv7e-m/fpu\libc_nano.a(lib_a-nano-freer.o)
                0x080026f8                _free_r
 .text._malloc_r
                0x08002794       0xbc c:/program files (x86)/atollic/truestudio for stm32 9.3.0/armtools/bin/../lib/gcc/arm-atollic-eabi/6.3.1/../../../../arm-atollic-eabi/lib/armv7e-m/fpu\libc_nano.a(lib_a-nano-mallocr.o)
                0x08002794                _malloc_r
 .text._realloc_r
                0x08002850       0x4c c:/program files (x86)/atollic/truestudio for stm32 9.3.0/armtools/bin/../lib/gcc/arm-atollic-eabi/6.3.1/../../../../arm-atollic-eabi/lib/armv7e-m/fpu\libc_nano.a(lib_a-nano-reallocr.o)
                0x08002850                _realloc_r
 .text._sbrk_r  0x0800289c       0x20 c:/program files (x86)/atollic/truestudio for stm32 9.3.0/armtools/bin/../lib/gcc/arm-atollic-eabi/6.3.1/../../../../arm-atollic-eabi/lib/armv7e-m/fpu\libc_nano.a(lib_a-sbrkr.o)
                0x0800289c                _sbrk_r
 .text.__malloc_lock
                0x080028bc        0x2 c:/program files (x86)/atollic/truestudio for stm32 9.3.0/armtools/bin/../lib/gcc/arm-atollic-eabi/6.3.1/../../../../arm-atollic-eabi/lib/armv7e-m/fpu\libc_nano.a(lib_a-mlock.o)
                0x080028bc                __malloc_lock
 .text.__malloc_unlock
                0x080028be        0x2 c:/program files (x86)/atollic/truestudio for stm32 9.3.0/armtools/bin/../lib/gcc/arm-atollic-eabi/6.3.1/../../../../arm-atollic-eabi/lib/armv7e-m/fpu\libc_nano.a(lib_a-mlock.o)
                0x080028be                __malloc_unlock
 .text._malloc_usable_size_r
                0x080028c0       0x12 c:/program files (x86)/atollic/truestudio for stm32 9.3.0/armtools/bin/../lib/gcc/arm-atollic-eabi/6.3.1/../../../../arm-atollic-eabi/lib/armv7e-m/fpu\libc_nano.a(lib_a-nano-msizer.o)
                0x080028c0                _malloc_usable_size_r
 *(.glue_7)
 .glue_7        0x080028d2        0x0 linker stubs
 *(.glue_7t)
 .glue_7t       0x080028d2        0x0 linker stubs
 *(.eh_frame)
 *fill*         0x080028d2        0x2 
 .eh_frame      0x080028d4        0x0 c:/program files (x86)/atollic/truestudio for stm32 9.3.0/armtools/bin/../lib/gcc/arm-atollic-eabi/6.3.1/armv7e-m/fpu/crtbegin.o
 *(.init)
 .init          0x080028d4        0x4 c:/program files (x86)/atollic/truestudio for stm32 9.3.0/armtools/bin/../lib/gcc/arm-atollic-eabi/6.3.1/armv7e-m/fpu/crti.o
                0x080028d4                _init
 .init          0x080028d8        0x8 c:/program files (x86)/atollic/truestudio for stm32 9.3.0/armtools/bin/../lib/gcc/arm-atollic-eabi/6.3.1/armv7e-m/fpu/crtn.o
 *(.fini)
 .fini          0x080028e0        0x4 c:/program files (x86)/atollic/truestudio for stm32 9.3.0/armtools/bin/../lib/gcc/arm-atollic-eabi/6.3.1/armv7e-m/fpu/crti.o
                0x080028e0                _fini
 .fini          0x080028e4        0x8 c:/program files (x86)/atollic/truestudio for stm32 9.3.0/armtools/bin/../lib/gcc/arm-atollic-eabi/6.3.1/armv7e-m/fpu/crtn.o
                0x080028ec                . = ALIGN (0x4)
                0x080028ec                _etext = .

.vfp11_veneer   0x080028ec        0x0
 .vfp11_veneer  0x080028ec        0x0 linker stubs

.v4_bx          0x080028ec        0x0
 .v4_bx         0x080028ec        0x0 linker stubs

.iplt           0x080028ec        0x0
 .iplt          0x080028ec        0x0 c:/program files (x86)/atollic/truestudio for stm32 9.3.0/armtools/bin/../lib/gcc/arm-atollic-eabi/6.3.1/armv7e-m/fpu/crtbegin.o

.rodata         0x080028ec      0x230
                0x080028ec                . = ALIGN (0x4)
 *(.rodata)
 .rodata        0x080028ec       0x18 Src\system_stm32f4xx.o
                0x080028ec                AHBPrescTable
                0x080028fc                APBPrescTable
 *(.rodata*)
 .rodata.str1.4
                0x08002904      0x1e4 Src\main.o
                                0x1e3 (size before relaxing)
 .rodata._svfprintf_r.str1.1
                0x08002ae8       0x11 c:/program files (x86)/atollic/truestudio for stm32 9.3.0/armtools/bin/../lib/gcc/arm-atollic-eabi/6.3.1/../../../../arm-atollic-eabi/lib/armv7e-m/fpu\libc_nano.a(lib_a-nano-svfprintf.o)
 .rodata._printf_i.str1.1
                0x08002af9       0x22 c:/program files (x86)/atollic/truestudio for stm32 9.3.0/armtools/bin/../lib/gcc/arm-atollic-eabi/6.3.1/../../../../arm-atollic-eabi/lib/armv7e-m/fpu\libc_nano.a(lib_a-nano-vfprintf_i.o)
                0x08002b1c                . = ALIGN (0x4)
 *fill*         0x08002b1b        0x1 

.ARM.extab
 *(.ARM.extab* .gnu.linkonce.armextab.*)

.ARM            0x08002b1c        0x8
                0x08002b1c                __exidx_start = .
 *(.ARM.exidx*)
 .ARM.exidx     0x08002b1c        0x8 c:/program files (x86)/atollic/truestudio for stm32 9.3.0/armtools/bin/../lib/gcc/arm-atollic-eabi/6.3.1/armv7e-m/fpu\libgcc.a(_udivmoddi4.o)
                0x08002b24                __exidx_end = .

.rel.dyn        0x08002b24        0x0
 .rel.iplt      0x08002b24        0x0 c:/program files (x86)/atollic/truestudio for stm32 9.3.0/armtools/bin/../lib/gcc/arm-atollic-eabi/6.3.1/armv7e-m/fpu/crtbegin.o

.preinit_array  0x08002b24        0x0
                0x08002b24                PROVIDE (__preinit_array_start, .)
 *(.preinit_array*)
                0x08002b24                PROVIDE (__preinit_array_end, .)

.init_array     0x08002b24        0x4
                0x08002b24                PROVIDE (__init_array_start, .)
 *(SORT(.init_array.*))
 *(.init_array*)
 .init_array    0x08002b24        0x4 c:/program files (x86)/atollic/truestudio for stm32 9.3.0/armtools/bin/../lib/gcc/arm-atollic-eabi/6.3.1/armv7e-m/fpu/crtbegin.o
                0x08002b28                PROVIDE (__init_array_end, .)

.fini_array     0x08002b28        0x4
                [!provide]                PROVIDE (__fini_array_start, .)
 *(SORT(.fini_array.*))
 *(.fini_array*)
 .fini_array    0x08002b28        0x4 c:/program files (x86)/atollic/truestudio for stm32 9.3.0/armtools/bin/../lib/gcc/arm-atollic-eabi/6.3.1/armv7e-m/fpu/crtbegin.o
                [!provide]                PROVIDE (__fini_array_end, .)
                0x08002b2c                _sidata = LOADADDR (.data)

.data           0x20000000       0x70 load address 0x08002b2c
                0x20000000                . = ALIGN (0x4)
                0x20000000                _sdata = .
 *(.data)
 .data          0x20000000        0x8 Drivers\STM32F4xx_HAL_Driver\Src\stm32f4xx_hal.o
                0x20000000                uwTickFreq
                0x20000004                uwTickPrio
 .data          0x20000008        0x4 Src\system_stm32f4xx.o
                0x20000008                SystemCoreClock
 *(.data*)
 .data._impure_ptr
                0x2000000c        0x4 c:/program files (x86)/atollic/truestudio for stm32 9.3.0/armtools/bin/../lib/gcc/arm-atollic-eabi/6.3.1/../../../../arm-atollic-eabi/lib/armv7e-m/fpu\libc_nano.a(lib_a-impure.o)
                0x2000000c                _impure_ptr
 .data.impure_data
                0x20000010       0x60 c:/program files (x86)/atollic/truestudio for stm32 9.3.0/armtools/bin/../lib/gcc/arm-atollic-eabi/6.3.1/../../../../arm-atollic-eabi/lib/armv7e-m/fpu\libc_nano.a(lib_a-impure.o)
                0x20000070                . = ALIGN (0x4)
                0x20000070                _edata = .

.igot.plt       0x20000070        0x0 load address 0x08002b9c
 .igot.plt      0x20000070        0x0 c:/program files (x86)/atollic/truestudio for stm32 9.3.0/armtools/bin/../lib/gcc/arm-atollic-eabi/6.3.1/armv7e-m/fpu/crtbegin.o
                0x20000070                . = ALIGN (0x4)

.bss            0x20000070      0x19c load address 0x08002b9c
                0x20000070                _sbss = .
                0x20000070                __bss_start__ = _sbss
 *(.bss)
 .bss           0x20000070       0x1c c:/program files (x86)/atollic/truestudio for stm32 9.3.0/armtools/bin/../lib/gcc/arm-atollic-eabi/6.3.1/armv7e-m/fpu/crtbegin.o
 .bss           0x2000008c        0x8 Src\syscalls.o
                0x20000090                __env
 *(.bss*)
 .bss.__malloc_free_list
                0x20000094        0x4 c:/program files (x86)/atollic/truestudio for stm32 9.3.0/armtools/bin/../lib/gcc/arm-atollic-eabi/6.3.1/../../../../arm-atollic-eabi/lib/armv7e-m/fpu\libc_nano.a(lib_a-nano-mallocr.o)
                0x20000094                __malloc_free_list
 .bss.__malloc_sbrk_start
                0x20000098        0x4 c:/program files (x86)/atollic/truestudio for stm32 9.3.0/armtools/bin/../lib/gcc/arm-atollic-eabi/6.3.1/../../../../arm-atollic-eabi/lib/armv7e-m/fpu\libc_nano.a(lib_a-nano-mallocr.o)
                0x20000098                __malloc_sbrk_start
 *(COMMON)
 COMMON         0x2000009c        0x4 Drivers\STM32F4xx_HAL_Driver\Src\stm32f4xx_hal.o
                0x2000009c                uwTick
 COMMON         0x200000a0      0x168 Src\main.o
                0x200000a0                msg1
                0x20000104                msg
                0x20000168                huart1
                0x200001a8                hrtc
                0x200001c8                huart2
 COMMON         0x20000208        0x4 c:/program files (x86)/atollic/truestudio for stm32 9.3.0/armtools/bin/../lib/gcc/arm-atollic-eabi/6.3.1/../../../../arm-atollic-eabi/lib/armv7e-m/fpu\libc_nano.a(lib_a-reent.o)
                0x20000208                errno
                0x2000020c                . = ALIGN (0x4)
                0x2000020c                _ebss = .
                0x2000020c                __bss_end__ = _ebss

._user_heap_stack
                0x2000020c      0x400 load address 0x08002b9c
                0x2000020c                . = ALIGN (0x4)
                0x2000020c                PROVIDE (end, .)
                [!provide]                PROVIDE (_end, .)
                0x2000020c                . = (. + _Min_Heap_Size)
                0x2000060c                . = (. + _Min_Stack_Size)
 *fill*         0x2000020c      0x400 
                0x2000060c                . = ALIGN (0x4)

.memory_b1_text
 *(.mb1text)
 *(.mb1text*)
 *(.mb1rodata)
 *(.mb1rodata*)

/DISCARD/
 libc.a(*)
 libm.a(*)
 libgcc.a(*)

.ARM.attributes
                0x00000000       0x30
 *(.ARM.attributes)
 .ARM.attributes
                0x00000000       0x22 c:/program files (x86)/atollic/truestudio for stm32 9.3.0/armtools/bin/../lib/gcc/arm-atollic-eabi/6.3.1/armv7e-m/fpu/crti.o
 .ARM.attributes
                0x00000022       0x34 c:/program files (x86)/atollic/truestudio for stm32 9.3.0/armtools/bin/../lib/gcc/arm-atollic-eabi/6.3.1/armv7e-m/fpu/crtbegin.o
 .ARM.attributes
                0x00000056       0x39 Drivers\STM32F4xx_HAL_Driver\Src\stm32f4xx_hal.o
 .ARM.attributes
                0x0000008f       0x39 Drivers\STM32F4xx_HAL_Driver\Src\stm32f4xx_hal_cortex.o
 .ARM.attributes
                0x000000c8       0x39 Drivers\STM32F4xx_HAL_Driver\Src\stm32f4xx_hal_gpio.o
 .ARM.attributes
                0x00000101       0x39 Drivers\STM32F4xx_HAL_Driver\Src\stm32f4xx_hal_rcc.o
 .ARM.attributes
                0x0000013a       0x39 Drivers\STM32F4xx_HAL_Driver\Src\stm32f4xx_hal_rcc_ex.o
 .ARM.attributes
                0x00000173       0x39 Drivers\STM32F4xx_HAL_Driver\Src\stm32f4xx_hal_rtc.o
 .ARM.attributes
                0x000001ac       0x39 Drivers\STM32F4xx_HAL_Driver\Src\stm32f4xx_hal_uart.o
 .ARM.attributes
                0x000001e5       0x39 Src\main.o
 .ARM.attributes
                0x0000021e       0x39 Src\stm32f4xx_hal_msp.o
 .ARM.attributes
                0x00000257       0x39 Src\stm32f4xx_it.o
 .ARM.attributes
                0x00000290       0x39 Src\syscalls.o
 .ARM.attributes
                0x000002c9       0x39 Src\system_stm32f4xx.o
 .ARM.attributes
                0x00000302       0x21 startup\startup_stm32f411xe.o
 .ARM.attributes
                0x00000323       0x34 c:/program files (x86)/atollic/truestudio for stm32 9.3.0/armtools/bin/../lib/gcc/arm-atollic-eabi/6.3.1/../../../../arm-atollic-eabi/lib/armv7e-m/fpu\libc_nano.a(lib_a-errno.o)
 .ARM.attributes
                0x00000357       0x34 c:/program files (x86)/atollic/truestudio for stm32 9.3.0/armtools/bin/../lib/gcc/arm-atollic-eabi/6.3.1/../../../../arm-atollic-eabi/lib/armv7e-m/fpu\libc_nano.a(lib_a-impure.o)
 .ARM.attributes
                0x0000038b       0x34 c:/program files (x86)/atollic/truestudio for stm32 9.3.0/armtools/bin/../lib/gcc/arm-atollic-eabi/6.3.1/../../../../arm-atollic-eabi/lib/armv7e-m/fpu\libc_nano.a(lib_a-init.o)
 .ARM.attributes
                0x000003bf       0x34 c:/program files (x86)/atollic/truestudio for stm32 9.3.0/armtools/bin/../lib/gcc/arm-atollic-eabi/6.3.1/../../../../arm-atollic-eabi/lib/armv7e-m/fpu\libc_nano.a(lib_a-memset.o)
 .ARM.attributes
                0x000003f3       0x34 c:/program files (x86)/atollic/truestudio for stm32 9.3.0/armtools/bin/../lib/gcc/arm-atollic-eabi/6.3.1/../../../../arm-atollic-eabi/lib/armv7e-m/fpu\libc_nano.a(lib_a-sprintf.o)
 .ARM.attributes
                0x00000427       0x1b c:/program files (x86)/atollic/truestudio for stm32 9.3.0/armtools/bin/../lib/gcc/arm-atollic-eabi/6.3.1/../../../../arm-atollic-eabi/lib/armv7e-m/fpu\libc_nano.a(lib_a-strlen.o)
 .ARM.attributes
                0x00000442       0x34 c:/program files (x86)/atollic/truestudio for stm32 9.3.0/armtools/bin/../lib/gcc/arm-atollic-eabi/6.3.1/../../../../arm-atollic-eabi/lib/armv7e-m/fpu\libc_nano.a(lib_a-nano-svfprintf.o)
 .ARM.attributes
                0x00000476       0x34 c:/program files (x86)/atollic/truestudio for stm32 9.3.0/armtools/bin/../lib/gcc/arm-atollic-eabi/6.3.1/../../../../arm-atollic-eabi/lib/armv7e-m/fpu\libc_nano.a(lib_a-nano-vfprintf_i.o)
 .ARM.attributes
                0x000004aa       0x20 c:/program files (x86)/atollic/truestudio for stm32 9.3.0/armtools/bin/../lib/gcc/arm-atollic-eabi/6.3.1/../../../../arm-atollic-eabi/lib/armv7e-m/fpu\libc_nano.a(lib_a-memchr.o)
 .ARM.attributes
                0x000004ca       0x34 c:/program files (x86)/atollic/truestudio for stm32 9.3.0/armtools/bin/../lib/gcc/arm-atollic-eabi/6.3.1/../../../../arm-atollic-eabi/lib/armv7e-m/fpu\libc_nano.a(lib_a-memcpy-stub.o)
 .ARM.attributes
                0x000004fe       0x34 c:/program files (x86)/atollic/truestudio for stm32 9.3.0/armtools/bin/../lib/gcc/arm-atollic-eabi/6.3.1/../../../../arm-atollic-eabi/lib/armv7e-m/fpu\libc_nano.a(lib_a-memmove.o)
 .ARM.attributes
                0x00000532       0x34 c:/program files (x86)/atollic/truestudio for stm32 9.3.0/armtools/bin/../lib/gcc/arm-atollic-eabi/6.3.1/../../../../arm-atollic-eabi/lib/armv7e-m/fpu\libc_nano.a(lib_a-nano-freer.o)
 .ARM.attributes
                0x00000566       0x34 c:/program files (x86)/atollic/truestudio for stm32 9.3.0/armtools/bin/../lib/gcc/arm-atollic-eabi/6.3.1/../../../../arm-atollic-eabi/lib/armv7e-m/fpu\libc_nano.a(lib_a-nano-mallocr.o)
 .ARM.attributes
                0x0000059a       0x34 c:/program files (x86)/atollic/truestudio for stm32 9.3.0/armtools/bin/../lib/gcc/arm-atollic-eabi/6.3.1/../../../../arm-atollic-eabi/lib/armv7e-m/fpu\libc_nano.a(lib_a-nano-reallocr.o)
 .ARM.attributes
                0x000005ce       0x34 c:/program files (x86)/atollic/truestudio for stm32 9.3.0/armtools/bin/../lib/gcc/arm-atollic-eabi/6.3.1/../../../../arm-atollic-eabi/lib/armv7e-m/fpu\libc_nano.a(lib_a-sbrkr.o)
 .ARM.attributes
                0x00000602       0x34 c:/program files (x86)/atollic/truestudio for stm32 9.3.0/armtools/bin/../lib/gcc/arm-atollic-eabi/6.3.1/../../../../arm-atollic-eabi/lib/armv7e-m/fpu\libc_nano.a(lib_a-mlock.o)
 .ARM.attributes
                0x00000636       0x34 c:/program files (x86)/atollic/truestudio for stm32 9.3.0/armtools/bin/../lib/gcc/arm-atollic-eabi/6.3.1/../../../../arm-atollic-eabi/lib/armv7e-m/fpu\libc_nano.a(lib_a-nano-msizer.o)
 .ARM.attributes
                0x0000066a       0x34 c:/program files (x86)/atollic/truestudio for stm32 9.3.0/armtools/bin/../lib/gcc/arm-atollic-eabi/6.3.1/../../../../arm-atollic-eabi/lib/armv7e-m/fpu\libc_nano.a(lib_a-reent.o)
 .ARM.attributes
                0x0000069e       0x22 c:/program files (x86)/atollic/truestudio for stm32 9.3.0/armtools/bin/../lib/gcc/arm-atollic-eabi/6.3.1/armv7e-m/fpu\libgcc.a(_aeabi_uldivmod.o)
 .ARM.attributes
                0x000006c0       0x34 c:/program files (x86)/atollic/truestudio for stm32 9.3.0/armtools/bin/../lib/gcc/arm-atollic-eabi/6.3.1/armv7e-m/fpu\libgcc.a(_udivmoddi4.o)
 .ARM.attributes
                0x000006f4       0x22 c:/program files (x86)/atollic/truestudio for stm32 9.3.0/armtools/bin/../lib/gcc/arm-atollic-eabi/6.3.1/armv7e-m/fpu\libgcc.a(_dvmd_tls.o)
 .ARM.attributes
                0x00000716       0x22 c:/program files (x86)/atollic/truestudio for stm32 9.3.0/armtools/bin/../lib/gcc/arm-atollic-eabi/6.3.1/armv7e-m/fpu/crtn.o
OUTPUT(Project_Wiznet.elf elf32-littlearm)

.debug_info     0x00000000     0x9ee5
 .debug_info    0x00000000      0x988 Drivers\STM32F4xx_HAL_Driver\Src\stm32f4xx_hal.o
 .debug_info    0x00000988      0xf00 Drivers\STM32F4xx_HAL_Driver\Src\stm32f4xx_hal_cortex.o
 .debug_info    0x00001888      0x7ed Drivers\STM32F4xx_HAL_Driver\Src\stm32f4xx_hal_gpio.o
 .debug_info    0x00002075      0xac1 Drivers\STM32F4xx_HAL_Driver\Src\stm32f4xx_hal_rcc.o
 .debug_info    0x00002b36      0x725 Drivers\STM32F4xx_HAL_Driver\Src\stm32f4xx_hal_rcc_ex.o
 .debug_info    0x0000325b      0xe81 Drivers\STM32F4xx_HAL_Driver\Src\stm32f4xx_hal_rtc.o
 .debug_info    0x000040dc     0x1717 Drivers\STM32F4xx_HAL_Driver\Src\stm32f4xx_hal_uart.o
 .debug_info    0x000057f3     0x215a Src\main.o
 .debug_info    0x0000794d      0xdaa Src\stm32f4xx_hal_msp.o
 .debug_info    0x000086f7      0x229 Src\stm32f4xx_it.o
 .debug_info    0x00008920      0xfbf Src\syscalls.o
 .debug_info    0x000098df      0x589 Src\system_stm32f4xx.o
 .debug_info    0x00009e68       0x7d startup\startup_stm32f411xe.o

.debug_abbrev   0x00000000     0x191e
 .debug_abbrev  0x00000000      0x216 Drivers\STM32F4xx_HAL_Driver\Src\stm32f4xx_hal.o
 .debug_abbrev  0x00000216      0x326 Drivers\STM32F4xx_HAL_Driver\Src\stm32f4xx_hal_cortex.o
 .debug_abbrev  0x0000053c      0x1e5 Drivers\STM32F4xx_HAL_Driver\Src\stm32f4xx_hal_gpio.o
 .debug_abbrev  0x00000721      0x271 Drivers\STM32F4xx_HAL_Driver\Src\stm32f4xx_hal_rcc.o
 .debug_abbrev  0x00000992      0x177 Drivers\STM32F4xx_HAL_Driver\Src\stm32f4xx_hal_rcc_ex.o
 .debug_abbrev  0x00000b09      0x206 Drivers\STM32F4xx_HAL_Driver\Src\stm32f4xx_hal_rtc.o
 .debug_abbrev  0x00000d0f      0x295 Drivers\STM32F4xx_HAL_Driver\Src\stm32f4xx_hal_uart.o
 .debug_abbrev  0x00000fa4      0x301 Src\main.o
 .debug_abbrev  0x000012a5      0x1be Src\stm32f4xx_hal_msp.o
 .debug_abbrev  0x00001463       0xe2 Src\stm32f4xx_it.o
 .debug_abbrev  0x00001545      0x29e Src\syscalls.o
 .debug_abbrev  0x000017e3      0x129 Src\system_stm32f4xx.o
 .debug_abbrev  0x0000190c       0x12 startup\startup_stm32f411xe.o

.debug_loc      0x00000000     0x39a0
 .debug_loc     0x00000000      0x10d Drivers\STM32F4xx_HAL_Driver\Src\stm32f4xx_hal.o
 .debug_loc     0x0000010d      0x616 Drivers\STM32F4xx_HAL_Driver\Src\stm32f4xx_hal_cortex.o
 .debug_loc     0x00000723      0x45c Drivers\STM32F4xx_HAL_Driver\Src\stm32f4xx_hal_gpio.o
 .debug_loc     0x00000b7f      0x404 Drivers\STM32F4xx_HAL_Driver\Src\stm32f4xx_hal_rcc.o
 .debug_loc     0x00000f83      0x2fb Drivers\STM32F4xx_HAL_Driver\Src\stm32f4xx_hal_rcc_ex.o
 .debug_loc     0x0000127e      0xb2f Drivers\STM32F4xx_HAL_Driver\Src\stm32f4xx_hal_rtc.o
 .debug_loc     0x00001dad     0x15a5 Drivers\STM32F4xx_HAL_Driver\Src\stm32f4xx_hal_uart.o
 .debug_loc     0x00003352       0xbd Src\main.o
 .debug_loc     0x0000340f       0xa6 Src\stm32f4xx_hal_msp.o
 .debug_loc     0x000034b5      0x3ad Src\syscalls.o
 .debug_loc     0x00003862      0x13e Src\system_stm32f4xx.o

.debug_aranges  0x00000000      0x740
 .debug_aranges
                0x00000000       0xf0 Drivers\STM32F4xx_HAL_Driver\Src\stm32f4xx_hal.o
 .debug_aranges
                0x000000f0       0xa8 Drivers\STM32F4xx_HAL_Driver\Src\stm32f4xx_hal_cortex.o
 .debug_aranges
                0x00000198       0x58 Drivers\STM32F4xx_HAL_Driver\Src\stm32f4xx_hal_gpio.o
 .debug_aranges
                0x000001f0       0x88 Drivers\STM32F4xx_HAL_Driver\Src\stm32f4xx_hal_rcc.o
 .debug_aranges
                0x00000278       0x50 Drivers\STM32F4xx_HAL_Driver\Src\stm32f4xx_hal_rcc_ex.o
 .debug_aranges
                0x000002c8       0xb8 Drivers\STM32F4xx_HAL_Driver\Src\stm32f4xx_hal_rtc.o
 .debug_aranges
                0x00000380      0x1d0 Drivers\STM32F4xx_HAL_Driver\Src\stm32f4xx_hal_uart.o
 .debug_aranges
                0x00000550       0x50 Src\main.o
 .debug_aranges
                0x000005a0       0x40 Src\stm32f4xx_hal_msp.o
 .debug_aranges
                0x000005e0       0x60 Src\stm32f4xx_it.o
 .debug_aranges
                0x00000640       0xb0 Src\syscalls.o
 .debug_aranges
                0x000006f0       0x28 Src\system_stm32f4xx.o
 .debug_aranges
                0x00000718       0x28 startup\startup_stm32f411xe.o

.debug_ranges   0x00000000      0x6f0
 .debug_ranges  0x00000000       0xe0 Drivers\STM32F4xx_HAL_Driver\Src\stm32f4xx_hal.o
 .debug_ranges  0x000000e0       0xf8 Drivers\STM32F4xx_HAL_Driver\Src\stm32f4xx_hal_cortex.o
 .debug_ranges  0x000001d8       0x48 Drivers\STM32F4xx_HAL_Driver\Src\stm32f4xx_hal_gpio.o
 .debug_ranges  0x00000220       0x90 Drivers\STM32F4xx_HAL_Driver\Src\stm32f4xx_hal_rcc.o
 .debug_ranges  0x000002b0       0x40 Drivers\STM32F4xx_HAL_Driver\Src\stm32f4xx_hal_rcc_ex.o
 .debug_ranges  0x000002f0       0xa8 Drivers\STM32F4xx_HAL_Driver\Src\stm32f4xx_hal_rtc.o
 .debug_ranges  0x00000398      0x1c0 Drivers\STM32F4xx_HAL_Driver\Src\stm32f4xx_hal_uart.o
 .debug_ranges  0x00000558       0x40 Src\main.o
 .debug_ranges  0x00000598       0x30 Src\stm32f4xx_hal_msp.o
 .debug_ranges  0x000005c8       0x50 Src\stm32f4xx_it.o
 .debug_ranges  0x00000618       0xa0 Src\syscalls.o
 .debug_ranges  0x000006b8       0x18 Src\system_stm32f4xx.o
 .debug_ranges  0x000006d0       0x20 startup\startup_stm32f411xe.o

.debug_macro    0x00000000    0x168ea
 .debug_macro   0x00000000      0x233 Drivers\STM32F4xx_HAL_Driver\Src\stm32f4xx_hal.o
 .debug_macro   0x00000233      0x8aa Drivers\STM32F4xx_HAL_Driver\Src\stm32f4xx_hal.o
 .debug_macro   0x00000add      0x18a Drivers\STM32F4xx_HAL_Driver\Src\stm32f4xx_hal.o
 .debug_macro   0x00000c67       0x32 Drivers\STM32F4xx_HAL_Driver\Src\stm32f4xx_hal.o
 .debug_macro   0x00000c99       0x28 Drivers\STM32F4xx_HAL_Driver\Src\stm32f4xx_hal.o
 .debug_macro   0x00000cc1       0x22 Drivers\STM32F4xx_HAL_Driver\Src\stm32f4xx_hal.o
 .debug_macro   0x00000ce3       0x87 Drivers\STM32F4xx_HAL_Driver\Src\stm32f4xx_hal.o
 .debug_macro   0x00000d6a       0x51 Drivers\STM32F4xx_HAL_Driver\Src\stm32f4xx_hal.o
 .debug_macro   0x00000dbb       0xef Drivers\STM32F4xx_HAL_Driver\Src\stm32f4xx_hal.o
 .debug_macro   0x00000eaa       0x6a Drivers\STM32F4xx_HAL_Driver\Src\stm32f4xx_hal.o
 .debug_macro   0x00000f14      0x1df Drivers\STM32F4xx_HAL_Driver\Src\stm32f4xx_hal.o
 .debug_macro   0x000010f3       0x1c Drivers\STM32F4xx_HAL_Driver\Src\stm32f4xx_hal.o
 .debug_macro   0x0000110f       0x22 Drivers\STM32F4xx_HAL_Driver\Src\stm32f4xx_hal.o
 .debug_macro   0x00001131       0xdf Drivers\STM32F4xx_HAL_Driver\Src\stm32f4xx_hal.o
 .debug_macro   0x00001210     0x102d Drivers\STM32F4xx_HAL_Driver\Src\stm32f4xx_hal.o
 .debug_macro   0x0000223d      0x11f Drivers\STM32F4xx_HAL_Driver\Src\stm32f4xx_hal.o
 .debug_macro   0x0000235c     0xb937 Drivers\STM32F4xx_HAL_Driver\Src\stm32f4xx_hal.o
 .debug_macro   0x0000dc93       0x43 Drivers\STM32F4xx_HAL_Driver\Src\stm32f4xx_hal.o
 .debug_macro   0x0000dcd6     0x3652 Drivers\STM32F4xx_HAL_Driver\Src\stm32f4xx_hal.o
 .debug_macro   0x00011328      0x174 Drivers\STM32F4xx_HAL_Driver\Src\stm32f4xx_hal.o
 .debug_macro   0x0001149c       0x5a Drivers\STM32F4xx_HAL_Driver\Src\stm32f4xx_hal.o
 .debug_macro   0x000114f6      0x447 Drivers\STM32F4xx_HAL_Driver\Src\stm32f4xx_hal.o
 .debug_macro   0x0001193d      0x9fe Drivers\STM32F4xx_HAL_Driver\Src\stm32f4xx_hal.o
 .debug_macro   0x0001233b      0x15f Drivers\STM32F4xx_HAL_Driver\Src\stm32f4xx_hal.o
 .debug_macro   0x0001249a      0x117 Drivers\STM32F4xx_HAL_Driver\Src\stm32f4xx_hal.o
 .debug_macro   0x000125b1      0x11b Drivers\STM32F4xx_HAL_Driver\Src\stm32f4xx_hal.o
 .debug_macro   0x000126cc       0x27 Drivers\STM32F4xx_HAL_Driver\Src\stm32f4xx_hal.o
 .debug_macro   0x000126f3      0x287 Drivers\STM32F4xx_HAL_Driver\Src\stm32f4xx_hal.o
 .debug_macro   0x0001297a       0x5f Drivers\STM32F4xx_HAL_Driver\Src\stm32f4xx_hal.o
 .debug_macro   0x000129d9      0x236 Drivers\STM32F4xx_HAL_Driver\Src\stm32f4xx_hal.o
 .debug_macro   0x00012c0f      0x132 Drivers\STM32F4xx_HAL_Driver\Src\stm32f4xx_hal.o
 .debug_macro   0x00012d41      0x264 Drivers\STM32F4xx_HAL_Driver\Src\stm32f4xx_hal.o
 .debug_macro   0x00012fa5       0x2e Drivers\STM32F4xx_HAL_Driver\Src\stm32f4xx_hal.o
 .debug_macro   0x00012fd3      0x11a Drivers\STM32F4xx_HAL_Driver\Src\stm32f4xx_hal.o
 .debug_macro   0x000130ed       0x85 Drivers\STM32F4xx_HAL_Driver\Src\stm32f4xx_hal.o
 .debug_macro   0x00013172       0x89 Drivers\STM32F4xx_HAL_Driver\Src\stm32f4xx_hal.o
 .debug_macro   0x000131fb      0x31a Drivers\STM32F4xx_HAL_Driver\Src\stm32f4xx_hal.o
 .debug_macro   0x00013515      0x405 Drivers\STM32F4xx_HAL_Driver\Src\stm32f4xx_hal.o
 .debug_macro   0x0001391a       0xe4 Drivers\STM32F4xx_HAL_Driver\Src\stm32f4xx_hal.o
 .debug_macro   0x000139fe      0x287 Drivers\STM32F4xx_HAL_Driver\Src\stm32f4xx_hal.o
 .debug_macro   0x00013c85      0x126 Drivers\STM32F4xx_HAL_Driver\Src\stm32f4xx_hal.o
 .debug_macro   0x00013dab      0x1d3 Drivers\STM32F4xx_HAL_Driver\Src\stm32f4xx_hal_cortex.o
 .debug_macro   0x00013f7e      0x209 Drivers\STM32F4xx_HAL_Driver\Src\stm32f4xx_hal_gpio.o
 .debug_macro   0x00014187      0x1f7 Drivers\STM32F4xx_HAL_Driver\Src\stm32f4xx_hal_rcc.o
 .debug_macro   0x0001437e      0x1d3 Drivers\STM32F4xx_HAL_Driver\Src\stm32f4xx_hal_rcc_ex.o
 .debug_macro   0x00014551      0x1d4 Drivers\STM32F4xx_HAL_Driver\Src\stm32f4xx_hal_rtc.o
 .debug_macro   0x00014725      0x1d4 Drivers\STM32F4xx_HAL_Driver\Src\stm32f4xx_hal_uart.o
 .debug_macro   0x000148f9      0x2ce Src\main.o
 .debug_macro   0x00014bc7       0x58 Src\main.o
 .debug_macro   0x00014c1f       0x46 Src\main.o
 .debug_macro   0x00014c65       0x3c Src\main.o
 .debug_macro   0x00014ca1       0x9c Src\main.o
 .debug_macro   0x00014d3d       0x52 Src\main.o
 .debug_macro   0x00014d8f       0x1f Src\main.o
 .debug_macro   0x00014dae       0x43 Src\main.o
 .debug_macro   0x00014df1       0x20 Src\main.o
 .debug_macro   0x00014e11      0x1a3 Src\main.o
 .debug_macro   0x00014fb4      0x307 Src\main.o
 .debug_macro   0x000152bb       0x10 Src\main.o
 .debug_macro   0x000152cb       0x35 Src\main.o
 .debug_macro   0x00015300       0x20 Src\main.o
 .debug_macro   0x00015320       0x16 Src\main.o
 .debug_macro   0x00015336       0x16 Src\main.o
 .debug_macro   0x0001534c       0x29 Src\main.o
 .debug_macro   0x00015375      0x1e2 Src\stm32f4xx_hal_msp.o
 .debug_macro   0x00015557      0x1ec Src\stm32f4xx_it.o
 .debug_macro   0x00015743      0x236 Src\syscalls.o
 .debug_macro   0x00015979       0x40 Src\syscalls.o
 .debug_macro   0x000159b9       0x8d Src\syscalls.o
 .debug_macro   0x00015a46       0x57 Src\syscalls.o
 .debug_macro   0x00015a9d      0x30d Src\syscalls.o
 .debug_macro   0x00015daa       0x10 Src\syscalls.o
 .debug_macro   0x00015dba       0x10 Src\syscalls.o
 .debug_macro   0x00015dca       0x10 Src\syscalls.o
 .debug_macro   0x00015dda       0x10 Src\syscalls.o
 .debug_macro   0x00015dea       0x1c Src\syscalls.o
 .debug_macro   0x00015e06       0x52 Src\syscalls.o
 .debug_macro   0x00015e58       0x40 Src\syscalls.o
 .debug_macro   0x00015e98       0x10 Src\syscalls.o
 .debug_macro   0x00015ea8       0x40 Src\syscalls.o
 .debug_macro   0x00015ee8       0xd7 Src\syscalls.o
 .debug_macro   0x00015fbf       0x35 Src\syscalls.o
 .debug_macro   0x00015ff4      0x122 Src\syscalls.o
 .debug_macro   0x00016116       0x10 Src\syscalls.o
 .debug_macro   0x00016126      0x241 Src\syscalls.o
 .debug_macro   0x00016367       0x1c Src\syscalls.o
 .debug_macro   0x00016383       0x10 Src\syscalls.o
 .debug_macro   0x00016393       0x10 Src\syscalls.o
 .debug_macro   0x000163a3       0x16 Src\syscalls.o
 .debug_macro   0x000163b9      0x161 Src\syscalls.o
 .debug_macro   0x0001651a      0x159 Src\syscalls.o
 .debug_macro   0x00016673       0x16 Src\syscalls.o
 .debug_macro   0x00016689       0x88 Src\syscalls.o
 .debug_macro   0x00016711      0x1d9 Src\system_stm32f4xx.o

.debug_line     0x00000000     0x5b3e
 .debug_line    0x00000000      0x760 Drivers\STM32F4xx_HAL_Driver\Src\stm32f4xx_hal.o
 .debug_line    0x00000760      0x796 Drivers\STM32F4xx_HAL_Driver\Src\stm32f4xx_hal_cortex.o
 .debug_line    0x00000ef6      0x6d4 Drivers\STM32F4xx_HAL_Driver\Src\stm32f4xx_hal_gpio.o
 .debug_line    0x000015ca      0x7eb Drivers\STM32F4xx_HAL_Driver\Src\stm32f4xx_hal_rcc.o
 .debug_line    0x00001db5      0x698 Drivers\STM32F4xx_HAL_Driver\Src\stm32f4xx_hal_rcc_ex.o
 .debug_line    0x0000244d      0x932 Drivers\STM32F4xx_HAL_Driver\Src\stm32f4xx_hal_rtc.o
 .debug_line    0x00002d7f      0xeb1 Drivers\STM32F4xx_HAL_Driver\Src\stm32f4xx_hal_uart.o
 .debug_line    0x00003c30      0x797 Src\main.o
 .debug_line    0x000043c7      0x5da Src\stm32f4xx_hal_msp.o
 .debug_line    0x000049a1      0x5f7 Src\stm32f4xx_it.o
 .debug_line    0x00004f98      0x59d Src\syscalls.o
 .debug_line    0x00005535      0x58a Src\system_stm32f4xx.o
 .debug_line    0x00005abf       0x7f startup\startup_stm32f411xe.o

.debug_str      0x00000000    0x8af02
 .debug_str     0x00000000    0x83fcb Drivers\STM32F4xx_HAL_Driver\Src\stm32f4xx_hal.o
                              0x84344 (size before relaxing)
 .debug_str     0x00083fcb      0x3a8 Drivers\STM32F4xx_HAL_Driver\Src\stm32f4xx_hal_cortex.o
                              0x840dc (size before relaxing)
 .debug_str     0x00084373      0x28b Drivers\STM32F4xx_HAL_Driver\Src\stm32f4xx_hal_gpio.o
                              0x83bc9 (size before relaxing)
 .debug_str     0x000845fe      0x38f Drivers\STM32F4xx_HAL_Driver\Src\stm32f4xx_hal_rcc.o
                              0x83d9e (size before relaxing)
 .debug_str     0x0008498d      0x1aa Drivers\STM32F4xx_HAL_Driver\Src\stm32f4xx_hal_rcc_ex.o
                              0x83b0e (size before relaxing)
 .debug_str     0x00084b37      0x4cf Drivers\STM32F4xx_HAL_Driver\Src\stm32f4xx_hal_rtc.o
                              0x83d4f (size before relaxing)
 .debug_str     0x00085006      0x91a Drivers\STM32F4xx_HAL_Driver\Src\stm32f4xx_hal_uart.o
                              0x8423b (size before relaxing)
 .debug_str     0x00085920     0x32f6 Src\main.o
                              0x8767d (size before relaxing)
 .debug_str     0x00088c16       0x1b Src\stm32f4xx_hal_msp.o
                              0x840f8 (size before relaxing)
 .debug_str     0x00088c31       0xb8 Src\stm32f4xx_it.o
                              0x839ac (size before relaxing)
 .debug_str     0x00088ce9     0x21bf Src\syscalls.o
                               0x80fa (size before relaxing)
 .debug_str     0x0008aea8       0x5a Src\system_stm32f4xx.o
                              0x83985 (size before relaxing)

.comment        0x00000000       0x7c
 .comment       0x00000000       0x7c Drivers\STM32F4xx_HAL_Driver\Src\stm32f4xx_hal.o
                                 0x7d (size before relaxing)
 .comment       0x0000007c       0x7d Drivers\STM32F4xx_HAL_Driver\Src\stm32f4xx_hal_cortex.o
 .comment       0x0000007c       0x7d Drivers\STM32F4xx_HAL_Driver\Src\stm32f4xx_hal_gpio.o
 .comment       0x0000007c       0x7d Drivers\STM32F4xx_HAL_Driver\Src\stm32f4xx_hal_rcc.o
 .comment       0x0000007c       0x7d Drivers\STM32F4xx_HAL_Driver\Src\stm32f4xx_hal_rcc_ex.o
 .comment       0x0000007c       0x7d Drivers\STM32F4xx_HAL_Driver\Src\stm32f4xx_hal_rtc.o
 .comment       0x0000007c       0x7d Drivers\STM32F4xx_HAL_Driver\Src\stm32f4xx_hal_uart.o
 .comment       0x0000007c       0x7d Src\main.o
 .comment       0x0000007c       0x7d Src\stm32f4xx_hal_msp.o
 .comment       0x0000007c       0x7d Src\stm32f4xx_it.o
 .comment       0x0000007c       0x7d Src\syscalls.o
 .comment       0x0000007c       0x7d Src\system_stm32f4xx.o

.debug_frame    0x00000000     0x1510
 .debug_frame   0x00000000      0x1ec Drivers\STM32F4xx_HAL_Driver\Src\stm32f4xx_hal.o
 .debug_frame   0x000001ec      0x15c Drivers\STM32F4xx_HAL_Driver\Src\stm32f4xx_hal_cortex.o
 .debug_frame   0x00000348       0xd8 Drivers\STM32F4xx_HAL_Driver\Src\stm32f4xx_hal_gpio.o
 .debug_frame   0x00000420      0x174 Drivers\STM32F4xx_HAL_Driver\Src\stm32f4xx_hal_rcc.o
 .debug_frame   0x00000594       0xb4 Drivers\STM32F4xx_HAL_Driver\Src\stm32f4xx_hal_rcc_ex.o
 .debug_frame   0x00000648      0x208 Drivers\STM32F4xx_HAL_Driver\Src\stm32f4xx_hal_rtc.o
 .debug_frame   0x00000850      0x4ec Drivers\STM32F4xx_HAL_Driver\Src\stm32f4xx_hal_uart.o
 .debug_frame   0x00000d3c       0xd8 Src\main.o
 .debug_frame   0x00000e14       0x84 Src\stm32f4xx_hal_msp.o
 .debug_frame   0x00000e98       0xa8 Src\stm32f4xx_it.o
 .debug_frame   0x00000f40      0x1ac Src\syscalls.o
 .debug_frame   0x000010ec       0x30 Src\system_stm32f4xx.o
 .debug_frame   0x0000111c       0x20 c:/program files (x86)/atollic/truestudio for stm32 9.3.0/armtools/bin/../lib/gcc/arm-atollic-eabi/6.3.1/../../../../arm-atollic-eabi/lib/armv7e-m/fpu\libc_nano.a(lib_a-errno.o)
 .debug_frame   0x0000113c       0x2c c:/program files (x86)/atollic/truestudio for stm32 9.3.0/armtools/bin/../lib/gcc/arm-atollic-eabi/6.3.1/../../../../arm-atollic-eabi/lib/armv7e-m/fpu\libc_nano.a(lib_a-init.o)
 .debug_frame   0x00001168       0x20 c:/program files (x86)/atollic/truestudio for stm32 9.3.0/armtools/bin/../lib/gcc/arm-atollic-eabi/6.3.1/../../../../arm-atollic-eabi/lib/armv7e-m/fpu\libc_nano.a(lib_a-memset.o)
 .debug_frame   0x00001188       0x70 c:/program files (x86)/atollic/truestudio for stm32 9.3.0/armtools/bin/../lib/gcc/arm-atollic-eabi/6.3.1/../../../../arm-atollic-eabi/lib/armv7e-m/fpu\libc_nano.a(lib_a-sprintf.o)
 .debug_frame   0x000011f8       0x90 c:/program files (x86)/atollic/truestudio for stm32 9.3.0/armtools/bin/../lib/gcc/arm-atollic-eabi/6.3.1/../../../../arm-atollic-eabi/lib/armv7e-m/fpu\libc_nano.a(lib_a-nano-svfprintf.o)
 .debug_frame   0x00001288       0x60 c:/program files (x86)/atollic/truestudio for stm32 9.3.0/armtools/bin/../lib/gcc/arm-atollic-eabi/6.3.1/../../../../arm-atollic-eabi/lib/armv7e-m/fpu\libc_nano.a(lib_a-nano-vfprintf_i.o)
 .debug_frame   0x000012e8       0x28 c:/program files (x86)/atollic/truestudio for stm32 9.3.0/armtools/bin/../lib/gcc/arm-atollic-eabi/6.3.1/../../../../arm-atollic-eabi/lib/armv7e-m/fpu\libc_nano.a(lib_a-memcpy-stub.o)
 .debug_frame   0x00001310       0x28 c:/program files (x86)/atollic/truestudio for stm32 9.3.0/armtools/bin/../lib/gcc/arm-atollic-eabi/6.3.1/../../../../arm-atollic-eabi/lib/armv7e-m/fpu\libc_nano.a(lib_a-memmove.o)
 .debug_frame   0x00001338       0x38 c:/program files (x86)/atollic/truestudio for stm32 9.3.0/armtools/bin/../lib/gcc/arm-atollic-eabi/6.3.1/../../../../arm-atollic-eabi/lib/armv7e-m/fpu\libc_nano.a(lib_a-nano-freer.o)
 .debug_frame   0x00001370       0x2c c:/program files (x86)/atollic/truestudio for stm32 9.3.0/armtools/bin/../lib/gcc/arm-atollic-eabi/6.3.1/../../../../arm-atollic-eabi/lib/armv7e-m/fpu\libc_nano.a(lib_a-nano-mallocr.o)
 .debug_frame   0x0000139c       0x3c c:/program files (x86)/atollic/truestudio for stm32 9.3.0/armtools/bin/../lib/gcc/arm-atollic-eabi/6.3.1/../../../../arm-atollic-eabi/lib/armv7e-m/fpu\libc_nano.a(lib_a-nano-reallocr.o)
 .debug_frame   0x000013d8       0x2c c:/program files (x86)/atollic/truestudio for stm32 9.3.0/armtools/bin/../lib/gcc/arm-atollic-eabi/6.3.1/../../../../arm-atollic-eabi/lib/armv7e-m/fpu\libc_nano.a(lib_a-sbrkr.o)
 .debug_frame   0x00001404       0x30 c:/program files (x86)/atollic/truestudio for stm32 9.3.0/armtools/bin/../lib/gcc/arm-atollic-eabi/6.3.1/../../../../arm-atollic-eabi/lib/armv7e-m/fpu\libc_nano.a(lib_a-mlock.o)
 .debug_frame   0x00001434       0x20 c:/program files (x86)/atollic/truestudio for stm32 9.3.0/armtools/bin/../lib/gcc/arm-atollic-eabi/6.3.1/../../../../arm-atollic-eabi/lib/armv7e-m/fpu\libc_nano.a(lib_a-nano-msizer.o)
 .debug_frame   0x00001454       0x5c c:/program files (x86)/atollic/truestudio for stm32 9.3.0/armtools/bin/../lib/gcc/arm-atollic-eabi/6.3.1/../../../../arm-atollic-eabi/lib/armv7e-m/fpu\libc_nano.a(lib_a-reent.o)
 .debug_frame   0x000014b0       0x2c c:/program files (x86)/atollic/truestudio for stm32 9.3.0/armtools/bin/../lib/gcc/arm-atollic-eabi/6.3.1/armv7e-m/fpu\libgcc.a(_aeabi_uldivmod.o)
 .debug_frame   0x000014dc       0x34 c:/program files (x86)/atollic/truestudio for stm32 9.3.0/armtools/bin/../lib/gcc/arm-atollic-eabi/6.3.1/armv7e-m/fpu\libgcc.a(_udivmoddi4.o)
